
> inspektor-gadget@0.1.0-beta.3 build
> headlamp-plugin build && npx shx cp main.wasm.gz dist/main.wasm.gz

Building "." for production...
vite v6.2.3 building for production...
transforming...
✓ 33 modules transformed.
rendering chunks...
computing gzip size...
dist/main.js  123.46 kB │ gzip: 37.10 kB
✓ built in 1.30s
Copying extra file "/home/atharva01/headlamp-plugin/main.wasm.gz" to "/home/atharva01/headlamp-plugin/dist/main.wasm.gz"
Successfully copied extra dist files
Finished building "." for production.
